Archive member included because of file (symbol)

/home/parallels/Wi-Fi-Debug-Adapter/build/wifidebugger/CC3200_SDK/SDK/libwifidebugger:CC3200_SDK-SDK.a(gpio.o)
                              /home/parallels/Wi-Fi-Debug-Adapter/build/wifidebugger/testapp/Debug/src/vendor/rom_pin_mux_config.o (GPIODirModeSet)
/home/parallels/Wi-Fi-Debug-Adapter/build/wifidebugger/CC3200_SDK/SDK/libwifidebugger:CC3200_SDK-SDK.a(interrupt.o)
                              /home/parallels/Wi-Fi-Debug-Adapter/build/wifidebugger/testapp/Debug/src/main.o (IntMasterEnable)
/home/parallels/Wi-Fi-Debug-Adapter/build/wifidebugger/CC3200_SDK/SDK/libwifidebugger:CC3200_SDK-SDK.a(pin.o)
                              /home/parallels/Wi-Fi-Debug-Adapter/build/wifidebugger/testapp/Debug/src/vendor/rom_pin_mux_config.o (PinTypeGPIO)
/home/parallels/Wi-Fi-Debug-Adapter/build/wifidebugger/CC3200_SDK/SDK/libwifidebugger:CC3200_SDK-SDK.a(prcm.o)
                              /home/parallels/Wi-Fi-Debug-Adapter/build/wifidebugger/testapp/Debug/src/vendor/rom_pin_mux_config.o (PRCMPeripheralClkEnable)
/home/parallels/Wi-Fi-Debug-Adapter/build/wifidebugger/CC3200_SDK/SDK/libwifidebugger:CC3200_SDK-SDK.a(utils.o)
                              /home/parallels/Wi-Fi-Debug-Adapter/build/wifidebugger/CC3200_SDK/SDK/libwifidebugger:CC3200_SDK-SDK.a(prcm.o) (UtilsDelay)
/home/parallels/Wi-Fi-Debug-Adapter/build/wifidebugger/CC3200_SDK/SDK/libwifidebugger:CC3200_SDK-SDK.a(cpu.o)
                              /home/parallels/Wi-Fi-Debug-Adapter/build/wifidebugger/CC3200_SDK/SDK/libwifidebugger:CC3200_SDK-SDK.a(interrupt.o) (CPUcpsid)
/home/parallels/Wi-Fi-Debug-Adapter/build/wifidebugger/CC3200_SDK/SDK/libwifidebugger:CC3200_SDK-SDK.a(flash.o)
                              /home/parallels/Wi-Fi-Debug-Adapter/build/wifidebugger/CC3200_SDK/SDK/libwifidebugger:CC3200_SDK-SDK.a(prcm.o) (FlashDisable)
/usr/lib/gcc/arm-none-eabi/4.8.2/armv7e-m/libgcc.a(_aeabi_uldivmod.o)
                              /home/parallels/Wi-Fi-Debug-Adapter/build/wifidebugger/CC3200_SDK/SDK/libwifidebugger:CC3200_SDK-SDK.a(prcm.o) (__aeabi_uldivmod)
/usr/lib/gcc/arm-none-eabi/4.8.2/armv7e-m/libgcc.a(bpabi.o)
                              /usr/lib/gcc/arm-none-eabi/4.8.2/armv7e-m/libgcc.a(_aeabi_uldivmod.o) (__gnu_uldivmod_helper)
/usr/lib/gcc/arm-none-eabi/4.8.2/armv7e-m/libgcc.a(_dvmd_tls.o)
                              /usr/lib/gcc/arm-none-eabi/4.8.2/armv7e-m/libgcc.a(_aeabi_uldivmod.o) (__aeabi_ldiv0)
/usr/lib/gcc/arm-none-eabi/4.8.2/armv7e-m/libgcc.a(_divdi3.o)
                              /usr/lib/gcc/arm-none-eabi/4.8.2/armv7e-m/libgcc.a(bpabi.o) (__divdi3)
/usr/lib/gcc/arm-none-eabi/4.8.2/armv7e-m/libgcc.a(_udivdi3.o)
                              /usr/lib/gcc/arm-none-eabi/4.8.2/armv7e-m/libgcc.a(bpabi.o) (__udivdi3)
/usr/lib/gcc/arm-none-eabi/4.8.2/../../../arm-none-eabi/lib/armv7e-m/libg.a(lib_a-atexit.o)
                              /usr/lib/gcc/arm-none-eabi/4.8.2/../../../arm-none-eabi/lib/armv7e-m/crt0.o (atexit)
/usr/lib/gcc/arm-none-eabi/4.8.2/../../../arm-none-eabi/lib/armv7e-m/libg.a(lib_a-exit.o)
                              /usr/lib/gcc/arm-none-eabi/4.8.2/../../../arm-none-eabi/lib/armv7e-m/crt0.o (exit)
/usr/lib/gcc/arm-none-eabi/4.8.2/../../../arm-none-eabi/lib/armv7e-m/libg.a(lib_a-fini.o)
                              /usr/lib/gcc/arm-none-eabi/4.8.2/../../../arm-none-eabi/lib/armv7e-m/crt0.o (__libc_fini_array)
/usr/lib/gcc/arm-none-eabi/4.8.2/../../../arm-none-eabi/lib/armv7e-m/libg.a(lib_a-impure.o)
                              /usr/lib/gcc/arm-none-eabi/4.8.2/../../../arm-none-eabi/lib/armv7e-m/libg.a(lib_a-exit.o) (_global_impure_ptr)
/usr/lib/gcc/arm-none-eabi/4.8.2/../../../arm-none-eabi/lib/armv7e-m/libg.a(lib_a-init.o)
                              /usr/lib/gcc/arm-none-eabi/4.8.2/../../../arm-none-eabi/lib/armv7e-m/crt0.o (__libc_init_array)
/usr/lib/gcc/arm-none-eabi/4.8.2/../../../arm-none-eabi/lib/armv7e-m/libg.a(lib_a-memset.o)
                              /usr/lib/gcc/arm-none-eabi/4.8.2/../../../arm-none-eabi/lib/armv7e-m/crt0.o (memset)
/usr/lib/gcc/arm-none-eabi/4.8.2/../../../arm-none-eabi/lib/armv7e-m/libg.a(lib_a-__atexit.o)
                              /usr/lib/gcc/arm-none-eabi/4.8.2/../../../arm-none-eabi/lib/armv7e-m/libg.a(lib_a-atexit.o) (__register_exitproc)
/usr/lib/gcc/arm-none-eabi/4.8.2/../../../arm-none-eabi/lib/armv7e-m/libg.a(lib_a-__call_atexit.o)
                              /usr/lib/gcc/arm-none-eabi/4.8.2/../../../arm-none-eabi/lib/armv7e-m/libg.a(lib_a-exit.o) (__call_exitprocs)

Allocating common symbols
Common symbol       size              file

g_ucLED1Pin         0x1               /home/parallels/Wi-Fi-Debug-Adapter/build/wifidebugger/testapp/Debug/src/vendor/gpio_if.o
g_ucLED2Pin         0x1               /home/parallels/Wi-Fi-Debug-Adapter/build/wifidebugger/testapp/Debug/src/vendor/gpio_if.o
[...]
Memory Configuration

Name             Origin             Length             Attributes
SRAM             0x0000000020004000 0x000000000003c000 xrw
*default*        0x0000000000000000 0xffffffffffffffff

Linker script and memory map

LOAD /usr/lib/gcc/arm-none-eabi/4.8.2/armv7e-m/crti.o
LOAD /usr/lib/gcc/arm-none-eabi/4.8.2/armv7e-m/crtbegin.o
LOAD /usr/lib/gcc/arm-none-eabi/4.8.2/../../../arm-none-eabi/lib/armv7e-m/crt0.o
                0x0000000000010000                HEAP_SIZE = 0x10000

.text           0x0000000020004000     0x1460
                0x0000000020004000                _text = .
 *(.intvecs)
 .intvecs       0x0000000020004000      0x400 /home/parallels/Wi-Fi-Debug-Adapter/build/wifidebugger/testapp/Debug/src/vendor/startup_gcc.o
                0x0000000020004000                g_pfnVectors
 *(.text*)
 .text.main     0x0000000020004400       0xcc /home/parallels/Wi-Fi-Debug-Adapter/build/wifidebugger/testapp/Debug/src/main.o
                0x0000000020004400                main
 .text.BoardInit
                0x00000000200044cc       0x28 /home/parallels/Wi-Fi-Debug-Adapter/build/wifidebugger/testapp/Debug/src/main.o
 .text.semihost_printstr
                0x00000000200044f4       0x20 /home/parallels/Wi-Fi-Debug-Adapter/build/wifidebugger/testapp/Debug/src/main.o
                0x00000000200044f4                semihost_printstr
 .text.semihost_getinput
                0x0000000020004514       0x58 /home/parallels/Wi-Fi-Debug-Adapter/build/wifidebugger/testapp/Debug/src/main.o
                0x0000000020004514                semihost_getinput
 .text.wfd_wordToHex
                0x000000002000456c       0x54 /home/parallels/Wi-Fi-Debug-Adapter/build/wifidebugger/testapp/Debug/src/main.o
                0x000000002000456c                wfd_wordToHex
 .text.wfd_byteToHex
                0x00000000200045c0       0x68 /home/parallels/Wi-Fi-Debug-Adapter/build/wifidebugger/testapp/Debug/src/main.o
                0x00000000200045c0                wfd_byteToHex
 .text.GPIO_IF_LedConfigure
                0x0000000020004628       0x70 /home/parallels/Wi-Fi-Debug-Adapter/build/wifidebugger/testapp/Debug/src/vendor/gpio_if.o
                0x0000000020004628                GPIO_IF_LedConfigure
 .text.GPIO_IF_LedOn
                0x0000000020004698      0x118 /home/parallels/Wi-Fi-Debug-Adapter/build/wifidebugger/testapp/Debug/src/vendor/gpio_if.o
                0x0000000020004698                GPIO_IF_LedOn
 .text.GPIO_IF_LedOff
                0x00000000200047b0      0x118 /home/parallels/Wi-Fi-Debug-Adapter/build/wifidebugger/testapp/Debug/src/vendor/gpio_if.o
                0x00000000200047b0                GPIO_IF_LedOff
 .text.GPIO_IF_LedStatus
                0x00000000200048c8       0x9c /home/parallels/Wi-Fi-Debug-Adapter/build/wifidebugger/testapp/Debug/src/vendor/gpio_if.o
                0x00000000200048c8                GPIO_IF_LedStatus
 .text.GPIO_IF_LedToggle
                0x0000000020004964       0x34 /home/parallels/Wi-Fi-Debug-Adapter/build/wifidebugger/testapp/Debug/src/vendor/gpio_if.o
                0x0000000020004964                GPIO_IF_LedToggle
 .text.GPIO_IF_GetPortNPin
                0x0000000020004998       0x4c /home/parallels/Wi-Fi-Debug-Adapter/build/wifidebugger/testapp/Debug/src/vendor/gpio_if.o
                0x0000000020004998                GPIO_IF_GetPortNPin
 .text.GPIO_IF_Set
                0x00000000200049e4       0x34 /home/parallels/Wi-Fi-Debug-Adapter/build/wifidebugger/testapp/Debug/src/vendor/gpio_if.o
                0x00000000200049e4                GPIO_IF_Set
 .text.GPIO_IF_Get
                0x0000000020004a18       0x34 /home/parallels/Wi-Fi-Debug-Adapter/build/wifidebugger/testapp/Debug/src/vendor/gpio_if.o
                0x0000000020004a18                GPIO_IF_Get
 .text.PinMuxConfig
                0x0000000020004a4c       0xf4 /home/parallels/Wi-Fi-Debug-Adapter/build/wifidebugger/testapp/Debug/src/vendor/rom_pin_mux_config.o
                0x0000000020004a4c                PinMuxConfig
 .text.ResetISR
                0x0000000020004b40       0x60 /home/parallels/Wi-Fi-Debug-Adapter/build/wifidebugger/testapp/Debug/src/vendor/startup_gcc.o
                0x0000000020004b40                ResetISR
 .text.NmiSR    0x0000000020004ba0        0x8 /home/parallels/Wi-Fi-Debug-Adapter/build/wifidebugger/testapp/Debug/src/vendor/startup_gcc.o
 .text.FaultISR
                0x0000000020004ba8        0x8 /home/parallels/Wi-Fi-Debug-Adapter/build/wifidebugger/testapp/Debug/src/vendor/startup_gcc.o
 .text.BusFaultHandler
                0x0000000020004bb0        0x8 /home/parallels/Wi-Fi-Debug-Adapter/build/wifidebugger/testapp/Debug/src/vendor/startup_gcc.o
 .text.IntDefaultHandler
                0x0000000020004bb8        0x8 /home/parallels/Wi-Fi-Debug-Adapter/build/wifidebugger/testapp/Debug/src/vendor/startup_gcc.o
 .text.GPIODirModeSet
                0x0000000020004bc0       0x48 /home/parallels/Wi-Fi-Debug-Adapter/build/wifidebugger/CC3200_SDK/SDK/libwifidebugger:CC3200_SDK-SDK.a(gpio.o)
                0x0000000020004bc0                GPIODirModeSet
 .text.GPIOPinRead
                0x0000000020004c08       0x24 /home/parallels/Wi-Fi-Debug-Adapter/build/wifidebugger/CC3200_SDK/SDK/libwifidebugger:CC3200_SDK-SDK.a(gpio.o)
                0x0000000020004c08                GPIOPinRead
 .text.GPIOPinWrite
                0x0000000020004c2c       0x28 /home/parallels/Wi-Fi-Debug-Adapter/build/wifidebugger/CC3200_SDK/SDK/libwifidebugger:CC3200_SDK-SDK.a(gpio.o)
                0x0000000020004c2c                GPIOPinWrite
 .text.IntMasterEnable
                0x0000000020004c54       0x10 /home/parallels/Wi-Fi-Debug-Adapter/build/wifidebugger/CC3200_SDK/SDK/libwifidebugger:CC3200_SDK-SDK.a(interrupt.o)
                0x0000000020004c54                IntMasterEnable
 .text.IntEnable
                0x0000000020004c64       0xe4 /home/parallels/Wi-Fi-Debug-Adapter/build/wifidebugger/CC3200_SDK/SDK/libwifidebugger:CC3200_SDK-SDK.a(interrupt.o)
                0x0000000020004c64                IntEnable
 .text.PinModeSet
                0x0000000020004d48       0x4c /home/parallels/Wi-Fi-Debug-Adapter/build/wifidebugger/CC3200_SDK/SDK/libwifidebugger:CC3200_SDK-SDK.a(pin.o)
                0x0000000020004d48                PinModeSet
 .text.PinConfigSet
                0x0000000020004d94       0xb8 /home/parallels/Wi-Fi-Debug-Adapter/build/wifidebugger/CC3200_SDK/SDK/libwifidebugger:CC3200_SDK-SDK.a(pin.o)
                0x0000000020004d94                PinConfigSet
 .text.PinTypeGPIO
                0x0000000020004e4c       0x38 /home/parallels/Wi-Fi-Debug-Adapter/build/wifidebugger/CC3200_SDK/SDK/libwifidebugger:CC3200_SDK-SDK.a(pin.o)
                0x0000000020004e4c                PinTypeGPIO
 .text.PRCMSysResetCauseGet
                0x0000000020004e84       0x40 /home/parallels/Wi-Fi-Debug-Adapter/build/wifidebugger/CC3200_SDK/SDK/libwifidebugger:CC3200_SDK-SDK.a(prcm.o)
                0x0000000020004e84                PRCMSysResetCauseGet
 .text.PRCMPeripheralClkEnable
                0x0000000020004ec4       0x64 /home/parallels/Wi-Fi-Debug-Adapter/build/wifidebugger/CC3200_SDK/SDK/libwifidebugger:CC3200_SDK-SDK.a(prcm.o)
                0x0000000020004ec4                PRCMPeripheralClkEnable
 .text.PRCMPeripheralClkDisable
                0x0000000020004f28       0x4c /home/parallels/Wi-Fi-Debug-Adapter/build/wifidebugger/CC3200_SDK/SDK/libwifidebugger:CC3200_SDK-SDK.a(prcm.o)
                0x0000000020004f28                PRCMPeripheralClkDisable
 .text.PRCMPeripheralReset
                0x0000000020004f74       0xa0 /home/parallels/Wi-Fi-Debug-Adapter/build/wifidebugger/CC3200_SDK/SDK/libwifidebugger:CC3200_SDK-SDK.a(prcm.o)
                0x0000000020004f74                PRCMPeripheralReset
 .text.PRCMCC3200MCUInit
                0x0000000020005014      0x1c8 /home/parallels/Wi-Fi-Debug-Adapter/build/wifidebugger/CC3200_SDK/SDK/libwifidebugger:CC3200_SDK-SDK.a(prcm.o)
                0x0000000020005014                PRCMCC3200MCUInit
 .text.PRCMHIBRegRead
                0x00000000200051dc       0x20 /home/parallels/Wi-Fi-Debug-Adapter/build/wifidebugger/CC3200_SDK/SDK/libwifidebugger:CC3200_SDK-SDK.a(prcm.o)
                0x00000000200051dc                PRCMHIBRegRead
 .text.PRCMHIBRegWrite
                0x00000000200051fc       0x20 /home/parallels/Wi-Fi-Debug-Adapter/build/wifidebugger/CC3200_SDK/SDK/libwifidebugger:CC3200_SDK-SDK.a(prcm.o)
                0x00000000200051fc                PRCMHIBRegWrite
 .text.UtilsDelay
                0x000000002000521c        0x8 /home/parallels/Wi-Fi-Debug-Adapter/build/wifidebugger/CC3200_SDK/SDK/libwifidebugger:CC3200_SDK-SDK.a(utils.o)
                0x000000002000521c                UtilsDelay
 .text.CPUcpsie
                0x0000000020005224       0x18 /home/parallels/Wi-Fi-Debug-Adapter/build/wifidebugger/CC3200_SDK/SDK/libwifidebugger:CC3200_SDK-SDK.a(cpu.o)
                0x0000000020005224                CPUcpsie
 *(.rodata*)
 .rodata        0x000000002000523c       0x60 /home/parallels/Wi-Fi-Debug-Adapter/build/wifidebugger/testapp/Debug/src/main.o
 .rodata.g_pulEnRegs
                0x000000002000529c       0x18 /home/parallels/Wi-Fi-Debug-Adapter/build/wifidebugger/CC3200_SDK/SDK/libwifidebugger:CC3200_SDK-SDK.a(interrupt.o)
 .rodata.g_ulPinToPadMap
                0x00000000200052b4      0x100 /home/parallels/Wi-Fi-Debug-Adapter/build/wifidebugger/CC3200_SDK/SDK/libwifidebugger:CC3200_SDK-SDK.a(pin.o)
 .rodata.PRCM_PeriphRegsList
                0x00000000200053b4       0xa8 /home/parallels/Wi-Fi-Debug-Adapter/build/wifidebugger/CC3200_SDK/SDK/libwifidebugger:CC3200_SDK-SDK.a(prcm.o)
 *(.ARM.extab* .gnu.linkonce.armextab.*)
                0x0000000020005460                . = ALIGN (0x8)
 *fill*         0x000000002000545c        0x4 
                0x0000000020005460                _etext = .

.glue_7         0x0000000020005460        0x0
 .glue_7        0x0000000000000000        0x0 linker stubs

.glue_7t        0x0000000020005460        0x0
 .glue_7t       0x0000000000000000        0x0 linker stubs

.vfp11_veneer   0x0000000020005460        0x0
 .vfp11_veneer  0x0000000000000000        0x0 linker stubs

.v4_bx          0x0000000020005460        0x0
 .v4_bx         0x0000000000000000        0x0 linker stubs

.iplt           0x0000000020005460        0x0
 .iplt          0x0000000000000000        0x0 /usr/lib/gcc/arm-none-eabi/4.8.2/armv7e-m/crtbegin.o

.rel.dyn        0x0000000020005460        0x0
 .rel.iplt      0x0000000000000000        0x0 /usr/lib/gcc/arm-none-eabi/4.8.2/armv7e-m/crtbegin.o

.ARM            0x0000000020005460        0x0
                0x0000000020005460                __exidx_start = .
 *(.ARM.exidx*)
                0x0000000020005460                __exidx_end = .
                0x0000000020005460                __init_data = .

.data           0x0000000020005460       0x18
                0x0000000020005460                _data = .
 *(.data*)
 .data.ulReg    0x0000000020005460       0x14 /home/parallels/Wi-Fi-Debug-Adapter/build/wifidebugger/testapp/Debug/src/vendor/gpio_if.o
                0x0000000020005478                . = ALIGN (0x8)
 *fill*         0x0000000020005474        0x4 
                0x0000000020005478                _edata = .

.igot.plt       0x0000000020005478        0x0
 .igot.plt      0x0000000000000000        0x0 /usr/lib/gcc/arm-none-eabi/4.8.2/armv7e-m/crtbegin.o

.bss            0x0000000020005478     0x100f
                0x0000000020005478                _bss = .
                0x0000000020005478                //__bss_start__ = .
 *(.bss*)
 .bss.g_uiLED1Port
                0x0000000020005478        0x4 /home/parallels/Wi-Fi-Debug-Adapter/build/wifidebugger/testapp/Debug/src/vendor/gpio_if.o
                0x0000000020005478                g_uiLED1Port
 .bss.g_uiLED2Port
                0x000000002000547c        0x4 /home/parallels/Wi-Fi-Debug-Adapter/build/wifidebugger/testapp/Debug/src/vendor/gpio_if.o
                0x000000002000547c                g_uiLED2Port
 .bss.g_uiLED3Port
                0x0000000020005480        0x4 /home/parallels/Wi-Fi-Debug-Adapter/build/wifidebugger/testapp/Debug/src/vendor/gpio_if.o
                0x0000000020005480                g_uiLED3Port
 .bss.pui32Stack
                0x0000000020005484     0x1000 /home/parallels/Wi-Fi-Debug-Adapter/build/wifidebugger/testapp/Debug/src/vendor/startup_gcc.o
 *(COMMON)
 COMMON         0x0000000020006484        0x3 /home/parallels/Wi-Fi-Debug-Adapter/build/wifidebugger/testapp/Debug/src/vendor/gpio_if.o
                0x0000000020006484                g_ucLED1Pin
                0x0000000020006485                g_ucLED2Pin
                0x0000000020006486                g_ucLED3Pin
                0x0000000020006487                _ebss = .
                0x0000000020006487                //__bss_end__ = .

.heap           0x0000000020006487    0x10001
                0x0000000020006487                _heap = .
                0x0000000020016487                . = (. + HEAP_SIZE)
 *fill*         0x0000000020006487    0x10000 
                0x0000000020016488                . = ALIGN (0x8)
 *fill*         0x0000000020016487        0x1 
                0x0000000020016488                _eheap = .
LOAD /home/parallels/Wi-Fi-Debug-Adapter/build/wifidebugger/testapp/Debug/src/main.o
LOAD /home/parallels/Wi-Fi-Debug-Adapter/build/wifidebugger/testapp/Debug/src/vendor/gpio_if.o
LOAD /home/parallels/Wi-Fi-Debug-Adapter/build/wifidebugger/testapp/Debug/src/vendor/rom_pin_mux_config.o
LOAD /home/parallels/Wi-Fi-Debug-Adapter/build/wifidebugger/testapp/Debug/src/vendor/startup_gcc.o
LOAD /home/parallels/Wi-Fi-Debug-Adapter/build/wifidebugger/CC3200_SDK/SDK/libwifidebugger:CC3200_SDK-SDK.a
START GROUP
LOAD /usr/lib/gcc/arm-none-eabi/4.8.2/armv7e-m/libgcc.a
LOAD /usr/lib/gcc/arm-none-eabi/4.8.2/../../../arm-none-eabi/lib/armv7e-m/libg.a
LOAD /usr/lib/gcc/arm-none-eabi/4.8.2/../../../arm-none-eabi/lib/armv7e-m/libc.a
END GROUP
LOAD /usr/lib/gcc/arm-none-eabi/4.8.2/armv7e-m/crtend.o
LOAD /usr/lib/gcc/arm-none-eabi/4.8.2/armv7e-m/crtn.o
OUTPUT(/home/parallels/Wi-Fi-Debug-Adapter/build/wifidebugger/testapp/Debug/wifidebugger:testapp-Debug.elf elf32-littlearm)

.debug_info     0x0000000000000000     0x1f7f
 .debug_info    0x0000000000000000      0x315 /home/parallels/Wi-Fi-Debug-Adapter/build/wifidebugger/testapp/Debug/src/main.o
 .debug_info    0x0000000000000315      0x3de /home/parallels/Wi-Fi-Debug-Adapter/build/wifidebugger/testapp/Debug/src/vendor/gpio_if.o
 .debug_info    0x00000000000006f3       0x41 /home/parallels/Wi-Fi-Debug-Adapter/build/wifidebugger/testapp/Debug/src/vendor/rom_pin_mux_config.o
 .debug_info    0x0000000000000734      0x1e3 /home/parallels/Wi-Fi-Debug-Adapter/build/wifidebugger/testapp/Debug/src/vendor/startup_gcc.o
 .debug_info    0x0000000000000917      0x3ac /home/parallels/Wi-Fi-Debug-Adapter/build/wifidebugger/CC3200_SDK/SDK/libwifidebugger:CC3200_SDK-SDK.a(gpio.o)
 .debug_info    0x0000000000000cc3      0x37f /home/parallels/Wi-Fi-Debug-Adapter/build/wifidebugger/CC3200_SDK/SDK/libwifidebugger:CC3200_SDK-SDK.a(interrupt.o)
 .debug_info    0x0000000000001042      0x3e7 /home/parallels/Wi-Fi-Debug-Adapter/build/wifidebugger/CC3200_SDK/SDK/libwifidebugger:CC3200_SDK-SDK.a(pin.o)
 .debug_info    0x0000000000001429      0xa10 /home/parallels/Wi-Fi-Debug-Adapter/build/wifidebugger/CC3200_SDK/SDK/libwifidebugger:CC3200_SDK-SDK.a(prcm.o)
 .debug_info    0x0000000000001e39       0x4c /home/parallels/Wi-Fi-Debug-Adapter/build/wifidebugger/CC3200_SDK/SDK/libwifidebugger:CC3200_SDK-SDK.a(utils.o)
 .debug_info    0x0000000000001e85       0xfa /home/parallels/Wi-Fi-Debug-Adapter/build/wifidebugger/CC3200_SDK/SDK/libwifidebugger:CC3200_SDK-SDK.a(cpu.o)

.debug_abbrev   0x0000000000000000      0xa1e
 .debug_abbrev  0x0000000000000000      0x16e /home/parallels/Wi-Fi-Debug-Adapter/build/wifidebugger/testapp/Debug/src/main.o
 .debug_abbrev  0x000000000000016e      0x133 /home/parallels/Wi-Fi-Debug-Adapter/build/wifidebugger/testapp/Debug/src/vendor/gpio_if.o
 .debug_abbrev  0x00000000000002a1       0x35 /home/parallels/Wi-Fi-Debug-Adapter/build/wifidebugger/testapp/Debug/src/vendor/rom_pin_mux_config.o
 .debug_abbrev  0x00000000000002d6      0x11f /home/parallels/Wi-Fi-Debug-Adapter/build/wifidebugger/testapp/Debug/src/vendor/startup_gcc.o
 .debug_abbrev  0x00000000000003f5      0x12e /home/parallels/Wi-Fi-Debug-Adapter/build/wifidebugger/CC3200_SDK/SDK/libwifidebugger:CC3200_SDK-SDK.a(gpio.o)
 .debug_abbrev  0x0000000000000523      0x143 /home/parallels/Wi-Fi-Debug-Adapter/build/wifidebugger/CC3200_SDK/SDK/libwifidebugger:CC3200_SDK-SDK.a(interrupt.o)
 .debug_abbrev  0x0000000000000666       0xf2 /home/parallels/Wi-Fi-Debug-Adapter/build/wifidebugger/CC3200_SDK/SDK/libwifidebugger:CC3200_SDK-SDK.a(pin.o)
 .debug_abbrev  0x0000000000000758      0x1ce /home/parallels/Wi-Fi-Debug-Adapter/build/wifidebugger/CC3200_SDK/SDK/libwifidebugger:CC3200_SDK-SDK.a(prcm.o)
 .debug_abbrev  0x0000000000000926       0x46 /home/parallels/Wi-Fi-Debug-Adapter/build/wifidebugger/CC3200_SDK/SDK/libwifidebugger:CC3200_SDK-SDK.a(utils.o)
 .debug_abbrev  0x000000000000096c       0xb2 /home/parallels/Wi-Fi-Debug-Adapter/build/wifidebugger/CC3200_SDK/SDK/libwifidebugger:CC3200_SDK-SDK.a(cpu.o)

.debug_aranges  0x0000000000000000      0x4f8
 .debug_aranges
                0x0000000000000000       0x48 /home/parallels/Wi-Fi-Debug-Adapter/build/wifidebugger/testapp/Debug/src/main.o
 .debug_aranges
                0x0000000000000048       0x68 /home/parallels/Wi-Fi-Debug-Adapter/build/wifidebugger/testapp/Debug/src/vendor/gpio_if.o
 .debug_aranges
                0x00000000000000b0       0x20 /home/parallels/Wi-Fi-Debug-Adapter/build/wifidebugger/testapp/Debug/src/vendor/rom_pin_mux_config.o
 .debug_aranges
                0x00000000000000d0       0x48 /home/parallels/Wi-Fi-Debug-Adapter/build/wifidebugger/testapp/Debug/src/vendor/startup_gcc.o
 .debug_aranges
                0x0000000000000118       0x90 /home/parallels/Wi-Fi-Debug-Adapter/build/wifidebugger/CC3200_SDK/SDK/libwifidebugger:CC3200_SDK-SDK.a(gpio.o)
 .debug_aranges
                0x00000000000001a8       0x98 /home/parallels/Wi-Fi-Debug-Adapter/build/wifidebugger/CC3200_SDK/SDK/libwifidebugger:CC3200_SDK-SDK.a(interrupt.o)
 .debug_aranges
                0x0000000000000240       0x90 /home/parallels/Wi-Fi-Debug-Adapter/build/wifidebugger/CC3200_SDK/SDK/libwifidebugger:CC3200_SDK-SDK.a(pin.o)
 .debug_aranges
                0x00000000000002d0      0x1c0 /home/parallels/Wi-Fi-Debug-Adapter/build/wifidebugger/CC3200_SDK/SDK/libwifidebugger:CC3200_SDK-SDK.a(prcm.o)
 .debug_aranges
                0x0000000000000490       0x20 /home/parallels/Wi-Fi-Debug-Adapter/build/wifidebugger/CC3200_SDK/SDK/libwifidebugger:CC3200_SDK-SDK.a(utils.o)
 .debug_aranges
                0x00000000000004b0       0x48 /home/parallels/Wi-Fi-Debug-Adapter/build/wifidebugger/CC3200_SDK/SDK/libwifidebugger:CC3200_SDK-SDK.a(cpu.o)

.debug_ranges   0x0000000000000000      0x470
 .debug_ranges  0x0000000000000000       0x50 /home/parallels/Wi-Fi-Debug-Adapter/build/wifidebugger/testapp/Debug/src/main.o
 .debug_ranges  0x0000000000000050       0x58 /home/parallels/Wi-Fi-Debug-Adapter/build/wifidebugger/testapp/Debug/src/vendor/gpio_if.o
 .debug_ranges  0x00000000000000a8       0x10 /home/parallels/Wi-Fi-Debug-Adapter/build/wifidebugger/testapp/Debug/src/vendor/rom_pin_mux_config.o
 .debug_ranges  0x00000000000000b8       0x38 /home/parallels/Wi-Fi-Debug-Adapter/build/wifidebugger/testapp/Debug/src/vendor/startup_gcc.o
 .debug_ranges  0x00000000000000f0       0x80 /home/parallels/Wi-Fi-Debug-Adapter/build/wifidebugger/CC3200_SDK/SDK/libwifidebugger:CC3200_SDK-SDK.a(gpio.o)
 .debug_ranges  0x0000000000000170       0x88 /home/parallels/Wi-Fi-Debug-Adapter/build/wifidebugger/CC3200_SDK/SDK/libwifidebugger:CC3200_SDK-SDK.a(interrupt.o)
 .debug_ranges  0x00000000000001f8       0x80 /home/parallels/Wi-Fi-Debug-Adapter/build/wifidebugger/CC3200_SDK/SDK/libwifidebugger:CC3200_SDK-SDK.a(pin.o)
 .debug_ranges  0x0000000000000278      0x1b0 /home/parallels/Wi-Fi-Debug-Adapter/build/wifidebugger/CC3200_SDK/SDK/libwifidebugger:CC3200_SDK-SDK.a(prcm.o)
 .debug_ranges  0x0000000000000428       0x10 /home/parallels/Wi-Fi-Debug-Adapter/build/wifidebugger/CC3200_SDK/SDK/libwifidebugger:CC3200_SDK-SDK.a(utils.o)
 .debug_ranges  0x0000000000000438       0x38 /home/parallels/Wi-Fi-Debug-Adapter/build/wifidebugger/CC3200_SDK/SDK/libwifidebugger:CC3200_SDK-SDK.a(cpu.o)

.debug_line     0x0000000000000000     0x11af
 .debug_line    0x0000000000000000      0x19b /home/parallels/Wi-Fi-Debug-Adapter/build/wifidebugger/testapp/Debug/src/main.o
 .debug_line    0x000000000000019b      0x162 /home/parallels/Wi-Fi-Debug-Adapter/build/wifidebugger/testapp/Debug/src/vendor/gpio_if.o
 .debug_line    0x00000000000002fd       0x90 /home/parallels/Wi-Fi-Debug-Adapter/build/wifidebugger/testapp/Debug/src/vendor/rom_pin_mux_config.o
 .debug_line    0x000000000000038d      0x13e /home/parallels/Wi-Fi-Debug-Adapter/build/wifidebugger/testapp/Debug/src/vendor/startup_gcc.o
 .debug_line    0x00000000000004cb      0x261 /home/parallels/Wi-Fi-Debug-Adapter/build/wifidebugger/CC3200_SDK/SDK/libwifidebugger:CC3200_SDK-SDK.a(gpio.o)
 .debug_line    0x000000000000072c      0x22e /home/parallels/Wi-Fi-Debug-Adapter/build/wifidebugger/CC3200_SDK/SDK/libwifidebugger:CC3200_SDK-SDK.a(interrupt.o)
 .debug_line    0x000000000000095a      0x1ce /home/parallels/Wi-Fi-Debug-Adapter/build/wifidebugger/CC3200_SDK/SDK/libwifidebugger:CC3200_SDK-SDK.a(pin.o)
 .debug_line    0x0000000000000b28      0x53b /home/parallels/Wi-Fi-Debug-Adapter/build/wifidebugger/CC3200_SDK/SDK/libwifidebugger:CC3200_SDK-SDK.a(prcm.o)
 .debug_line    0x0000000000001063       0x72 /home/parallels/Wi-Fi-Debug-Adapter/build/wifidebugger/CC3200_SDK/SDK/libwifidebugger:CC3200_SDK-SDK.a(utils.o)
 .debug_line    0x00000000000010d5       0xda /home/parallels/Wi-Fi-Debug-Adapter/build/wifidebugger/CC3200_SDK/SDK/libwifidebugger:CC3200_SDK-SDK.a(cpu.o)

.debug_str      0x0000000000000000     0x11ea
 .debug_str     0x0000000000000000      0x2fb /home/parallels/Wi-Fi-Debug-Adapter/build/wifidebugger/testapp/Debug/src/main.o
                                        0x355 (size before relaxing)
 .debug_str     0x00000000000002fb      0x1be /home/parallels/Wi-Fi-Debug-Adapter/build/wifidebugger/testapp/Debug/src/vendor/gpio_if.o
                                        0x3fb (size before relaxing)
 .debug_str     0x00000000000004b9       0x59 /home/parallels/Wi-Fi-Debug-Adapter/build/wifidebugger/testapp/Debug/src/vendor/rom_pin_mux_config.o
                                         0xe4 (size before relaxing)
 .debug_str     0x0000000000000512       0xe3 /home/parallels/Wi-Fi-Debug-Adapter/build/wifidebugger/testapp/Debug/src/vendor/startup_gcc.o
                                        0x203 (size before relaxing)
 .debug_str     0x00000000000005f5      0x1db /home/parallels/Wi-Fi-Debug-Adapter/build/wifidebugger/CC3200_SDK/SDK/libwifidebugger:CC3200_SDK-SDK.a(gpio.o)
                                        0x22c (size before relaxing)
 .debug_str     0x00000000000007d0      0x1b5 /home/parallels/Wi-Fi-Debug-Adapter/build/wifidebugger/CC3200_SDK/SDK/libwifidebugger:CC3200_SDK-SDK.a(interrupt.o)
                                        0x289 (size before relaxing)
 .debug_str     0x0000000000000985      0x143 /home/parallels/Wi-Fi-Debug-Adapter/build/wifidebugger/CC3200_SDK/SDK/libwifidebugger:CC3200_SDK-SDK.a(pin.o)
                                        0x1ed (size before relaxing)
 .debug_str     0x0000000000000ac8      0x63c /home/parallels/Wi-Fi-Debug-Adapter/build/wifidebugger/CC3200_SDK/SDK/libwifidebugger:CC3200_SDK-SDK.a(prcm.o)
                                        0x70e (size before relaxing)
 .debug_str     0x0000000000001104       0x54 /home/parallels/Wi-Fi-Debug-Adapter/build/wifidebugger/CC3200_SDK/SDK/libwifidebugger:CC3200_SDK-SDK.a(utils.o)
                                         0xbe (size before relaxing)
 .debug_str     0x0000000000001158       0x92 /home/parallels/Wi-Fi-Debug-Adapter/build/wifidebugger/CC3200_SDK/SDK/libwifidebugger:CC3200_SDK-SDK.a(cpu.o)
                                         0xfc (size before relaxing)

.comment        0x0000000000000000       0x1f
 .comment       0x0000000000000000       0x1f /home/parallels/Wi-Fi-Debug-Adapter/build/wifidebugger/testapp/Debug/src/main.o
                                         0x20 (size before relaxing)
 .comment       0x0000000000000000       0x20 /home/parallels/Wi-Fi-Debug-Adapter/build/wifidebugger/testapp/Debug/src/vendor/gpio_if.o
 .comment       0x0000000000000000       0x20 /home/parallels/Wi-Fi-Debug-Adapter/build/wifidebugger/testapp/Debug/src/vendor/rom_pin_mux_config.o
 .comment       0x0000000000000000       0x20 /home/parallels/Wi-Fi-Debug-Adapter/build/wifidebugger/testapp/Debug/src/vendor/startup_gcc.o
 .comment       0x0000000000000000       0x20 /home/parallels/Wi-Fi-Debug-Adapter/build/wifidebugger/CC3200_SDK/SDK/libwifidebugger:CC3200_SDK-SDK.a(gpio.o)
 .comment       0x0000000000000000       0x20 /home/parallels/Wi-Fi-Debug-Adapter/build/wifidebugger/CC3200_SDK/SDK/libwifidebugger:CC3200_SDK-SDK.a(interrupt.o)
 .comment       0x0000000000000000       0x20 /home/parallels/Wi-Fi-Debug-Adapter/build/wifidebugger/CC3200_SDK/SDK/libwifidebugger:CC3200_SDK-SDK.a(pin.o)
 .comment       0x0000000000000000       0x20 /home/parallels/Wi-Fi-Debug-Adapter/build/wifidebugger/CC3200_SDK/SDK/libwifidebugger:CC3200_SDK-SDK.a(prcm.o)
 .comment       0x0000000000000000       0x20 /home/parallels/Wi-Fi-Debug-Adapter/build/wifidebugger/CC3200_SDK/SDK/libwifidebugger:CC3200_SDK-SDK.a(utils.o)
 .comment       0x0000000000000000       0x20 /home/parallels/Wi-Fi-Debug-Adapter/build/wifidebugger/CC3200_SDK/SDK/libwifidebugger:CC3200_SDK-SDK.a(cpu.o)

.ARM.attributes
                0x0000000000000000       0x2a
 .ARM.attributes
                0x0000000000000000       0x33 /home/parallels/Wi-Fi-Debug-Adapter/build/wifidebugger/testapp/Debug/src/main.o
 .ARM.attributes
                0x0000000000000033       0x33 /home/parallels/Wi-Fi-Debug-Adapter/build/wifidebugger/testapp/Debug/src/vendor/gpio_if.o
 .ARM.attributes
                0x0000000000000066       0x33 /home/parallels/Wi-Fi-Debug-Adapter/build/wifidebugger/testapp/Debug/src/vendor/rom_pin_mux_config.o
 .ARM.attributes
                0x0000000000000099       0x33 /home/parallels/Wi-Fi-Debug-Adapter/build/wifidebugger/testapp/Debug/src/vendor/startup_gcc.o
 .ARM.attributes
                0x00000000000000cc       0x33 /home/parallels/Wi-Fi-Debug-Adapter/build/wifidebugger/CC3200_SDK/SDK/libwifidebugger:CC3200_SDK-SDK.a(gpio.o)
 .ARM.attributes
                0x00000000000000ff       0x33 /home/parallels/Wi-Fi-Debug-Adapter/build/wifidebugger/CC3200_SDK/SDK/libwifidebugger:CC3200_SDK-SDK.a(interrupt.o)
 .ARM.attributes
                0x0000000000000132       0x33 /home/parallels/Wi-Fi-Debug-Adapter/build/wifidebugger/CC3200_SDK/SDK/libwifidebugger:CC3200_SDK-SDK.a(pin.o)
 .ARM.attributes
                0x0000000000000165       0x33 /home/parallels/Wi-Fi-Debug-Adapter/build/wifidebugger/CC3200_SDK/SDK/libwifidebugger:CC3200_SDK-SDK.a(prcm.o)
 .ARM.attributes
                0x0000000000000198       0x33 /home/parallels/Wi-Fi-Debug-Adapter/build/wifidebugger/CC3200_SDK/SDK/libwifidebugger:CC3200_SDK-SDK.a(utils.o)
 .ARM.attributes
                0x00000000000001cb       0x33 /home/parallels/Wi-Fi-Debug-Adapter/build/wifidebugger/CC3200_SDK/SDK/libwifidebugger:CC3200_SDK-SDK.a(cpu.o)

.debug_frame    0x0000000000000000      0xf60
 .debug_frame   0x0000000000000000       0xc4 /home/parallels/Wi-Fi-Debug-Adapter/build/wifidebugger/testapp/Debug/src/main.o
 .debug_frame   0x00000000000000c4      0x148 /home/parallels/Wi-Fi-Debug-Adapter/build/wifidebugger/testapp/Debug/src/vendor/gpio_if.o
 .debug_frame   0x000000000000020c       0x2c /home/parallels/Wi-Fi-Debug-Adapter/build/wifidebugger/testapp/Debug/src/vendor/rom_pin_mux_config.o
 .debug_frame   0x0000000000000238       0xac /home/parallels/Wi-Fi-Debug-Adapter/build/wifidebugger/testapp/Debug/src/vendor/startup_gcc.o
 .debug_frame   0x00000000000002e4      0x1bc /home/parallels/Wi-Fi-Debug-Adapter/build/wifidebugger/CC3200_SDK/SDK/libwifidebugger:CC3200_SDK-SDK.a(gpio.o)
 .debug_frame   0x00000000000004a0      0x1d0 /home/parallels/Wi-Fi-Debug-Adapter/build/wifidebugger/CC3200_SDK/SDK/libwifidebugger:CC3200_SDK-SDK.a(interrupt.o)
 .debug_frame   0x0000000000000670      0x1d8 /home/parallels/Wi-Fi-Debug-Adapter/build/wifidebugger/CC3200_SDK/SDK/libwifidebugger:CC3200_SDK-SDK.a(pin.o)
 .debug_frame   0x0000000000000848      0x688 /home/parallels/Wi-Fi-Debug-Adapter/build/wifidebugger/CC3200_SDK/SDK/libwifidebugger:CC3200_SDK-SDK.a(prcm.o)
 .debug_frame   0x0000000000000ed0       0x20 /home/parallels/Wi-Fi-Debug-Adapter/build/wifidebugger/CC3200_SDK/SDK/libwifidebugger:CC3200_SDK-SDK.a(utils.o)
 .debug_frame   0x0000000000000ef0       0x70 /home/parallels/Wi-Fi-Debug-Adapter/build/wifidebugger/CC3200_SDK/SDK/libwifidebugger:CC3200_SDK-SDK.a(cpu.o)

Cross Reference Table

Symbol                                            File
CPUbasepriGet                                     /home/parallels/Wi-Fi-Debug-Adapter/build/wifidebugger/CC3200_SDK/SDK/libwifidebugger:CC3200_SDK-SDK.a(cpu.o)
                                                  /home/parallels/Wi-Fi-Debug-Adapter/build/wifidebugger/CC3200_SDK/SDK/libwifidebugger:CC3200_SDK-SDK.a(interrupt.o)
CPUbasepriSet                                     /home/parallels/Wi-Fi-Debug-Adapter/build/wifidebugger/CC3200_SDK/SDK/libwifidebugger:CC3200_SDK-SDK.a(cpu.o)
                                                  /home/parallels/Wi-Fi-Debug-Adapter/build/wifidebugger/CC3200_SDK/SDK/libwifidebugger:CC3200_SDK-SDK.a(interrupt.o)
CPUcpsid                                          /home/parallels/Wi-Fi-Debug-Adapter/build/wifidebugger/CC3200_SDK/SDK/libwifidebugger:CC3200_SDK-SDK.a(cpu.o)
                                                  /home/parallels/Wi-Fi-Debug-Adapter/build/wifidebugger/CC3200_SDK/SDK/libwifidebugger:CC3200_SDK-SDK.a(interrupt.o)
CPUcpsie                                          /home/parallels/Wi-Fi-Debug-Adapter/build/wifidebugger/CC3200_SDK/SDK/libwifidebugger:CC3200_SDK-SDK.a(cpu.o)
                                                  /home/parallels/Wi-Fi-Debug-Adapter/build/wifidebugger/CC3200_SDK/SDK/libwifidebugger:CC3200_SDK-SDK.a(interrupt.o)
CPUprimask                                        /home/parallels/Wi-Fi-Debug-Adapter/build/wifidebugger/CC3200_SDK/SDK/libwifidebugger:CC3200_SDK-SDK.a(cpu.o)
CPUwfi                                            /home/parallels/Wi-Fi-Debug-Adapter/build/wifidebugger/CC3200_SDK/SDK/libwifidebugger:CC3200_SDK-SDK.a(cpu.o)
                                                  /home/parallels/Wi-Fi-Debug-Adapter/build/wifidebugger/CC3200_SDK/SDK/libwifidebugger:CC3200_SDK-SDK.a(prcm.o)
FlashDisable                                      /home/parallels/Wi-Fi-Debug-Adapter/build/wifidebugger/CC3200_SDK/SDK/libwifidebugger:CC3200_SDK-SDK.a(flash.o)
                                                  /home/parallels/Wi-Fi-Debug-Adapter/build/wifidebugger/CC3200_SDK/SDK/libwifidebugger:CC3200_SDK-SDK.a(prcm.o)
FlashErase                                        /home/parallels/Wi-Fi-Debug-Adapter/build/wifidebugger/CC3200_SDK/SDK/libwifidebugger:CC3200_SDK-SDK.a(flash.o)
FlashEraseNonBlocking                             /home/parallels/Wi-Fi-Debug-Adapter/build/wifidebugger/CC3200_SDK/SDK/libwifidebugger:CC3200_SDK-SDK.a(flash.o)
FlashIntClear                                     /home/parallels/Wi-Fi-Debug-Adapter/build/wifidebugger/CC3200_SDK/SDK/libwifidebugger:CC3200_SDK-SDK.a(flash.o)
FlashIntDisable                                   /home/parallels/Wi-Fi-Debug-Adapter/build/wifidebugger/CC3200_SDK/SDK/libwifidebugger:CC3200_SDK-SDK.a(flash.o)
FlashIntEnable                                    /home/parallels/Wi-Fi-Debug-Adapter/build/wifidebugger/CC3200_SDK/SDK/libwifidebugger:CC3200_SDK-SDK.a(flash.o)
FlashIntRegister                                  /home/parallels/Wi-Fi-Debug-Adapter/build/wifidebugger/CC3200_SDK/SDK/libwifidebugger:CC3200_SDK-SDK.a(flash.o)
FlashIntStatus                                    /home/parallels/Wi-Fi-Debug-Adapter/build/wifidebugger/CC3200_SDK/SDK/libwifidebugger:CC3200_SDK-SDK.a(flash.o)
FlashIntUnregister                                /home/parallels/Wi-Fi-Debug-Adapter/build/wifidebugger/CC3200_SDK/SDK/libwifidebugger:CC3200_SDK-SDK.a(flash.o)
FlashMassErase                                    /home/parallels/Wi-Fi-Debug-Adapter/build/wifidebugger/CC3200_SDK/SDK/libwifidebugger:CC3200_SDK-SDK.a(flash.o)
FlashMassEraseNonBlocking                         /home/parallels/Wi-Fi-Debug-Adapter/build/wifidebugger/CC3200_SDK/SDK/libwifidebugger:CC3200_SDK-SDK.a(flash.o)
FlashProgram                                      /home/parallels/Wi-Fi-Debug-Adapter/build/wifidebugger/CC3200_SDK/SDK/libwifidebugger:CC3200_SDK-SDK.a(flash.o)
FlashProgramNonBlocking                           /home/parallels/Wi-Fi-Debug-Adapter/build/wifidebugger/CC3200_SDK/SDK/libwifidebugger:CC3200_SDK-SDK.a(flash.o)
FlashProtectGet                                   /home/parallels/Wi-Fi-Debug-Adapter/build/wifidebugger/CC3200_SDK/SDK/libwifidebugger:CC3200_SDK-SDK.a(flash.o)
GPIODMATriggerDisable                             /home/parallels/Wi-Fi-Debug-Adapter/build/wifidebugger/CC3200_SDK/SDK/libwifidebugger:CC3200_SDK-SDK.a(gpio.o)
GPIODMATriggerEnable                              /home/parallels/Wi-Fi-Debug-Adapter/build/wifidebugger/CC3200_SDK/SDK/libwifidebugger:CC3200_SDK-SDK.a(gpio.o)
GPIODirModeGet                                    /home/parallels/Wi-Fi-Debug-Adapter/build/wifidebugger/CC3200_SDK/SDK/libwifidebugger:CC3200_SDK-SDK.a(gpio.o)
GPIODirModeSet                                    /home/parallels/Wi-Fi-Debug-Adapter/build/wifidebugger/CC3200_SDK/SDK/libwifidebugger:CC3200_SDK-SDK.a(gpio.o)
                                                  /home/parallels/Wi-Fi-Debug-Adapter/build/wifidebugger/testapp/Debug/src/vendor/rom_pin_mux_config.o
GPIOIntClear                                      /home/parallels/Wi-Fi-Debug-Adapter/build/wifidebugger/CC3200_SDK/SDK/libwifidebugger:CC3200_SDK-SDK.a(gpio.o)
                                                  /home/parallels/Wi-Fi-Debug-Adapter/build/wifidebugger/testapp/Debug/src/vendor/gpio_if.o
GPIOIntDisable                                    /home/parallels/Wi-Fi-Debug-Adapter/build/wifidebugger/CC3200_SDK/SDK/libwifidebugger:CC3200_SDK-SDK.a(gpio.o)
GPIOIntEnable                                     /home/parallels/Wi-Fi-Debug-Adapter/build/wifidebugger/CC3200_SDK/SDK/libwifidebugger:CC3200_SDK-SDK.a(gpio.o)
                                                  /home/parallels/Wi-Fi-Debug-Adapter/build/wifidebugger/testapp/Debug/src/vendor/gpio_if.o
GPIOIntRegister                                   /home/parallels/Wi-Fi-Debug-Adapter/build/wifidebugger/CC3200_SDK/SDK/libwifidebugger:CC3200_SDK-SDK.a(gpio.o)
                                                  /home/parallels/Wi-Fi-Debug-Adapter/build/wifidebugger/testapp/Debug/src/vendor/gpio_if.o
GPIOIntStatus                                     /home/parallels/Wi-Fi-Debug-Adapter/build/wifidebugger/CC3200_SDK/SDK/libwifidebugger:CC3200_SDK-SDK.a(gpio.o)
GPIOIntTypeGet                                    /home/parallels/Wi-Fi-Debug-Adapter/build/wifidebugger/CC3200_SDK/SDK/libwifidebugger:CC3200_SDK-SDK.a(gpio.o)
GPIOIntTypeSet                                    /home/parallels/Wi-Fi-Debug-Adapter/build/wifidebugger/CC3200_SDK/SDK/libwifidebugger:CC3200_SDK-SDK.a(gpio.o)
                                                  /home/parallels/Wi-Fi-Debug-Adapter/build/wifidebugger/testapp/Debug/src/vendor/gpio_if.o
GPIOIntUnregister                                 /home/parallels/Wi-Fi-Debug-Adapter/build/wifidebugger/CC3200_SDK/SDK/libwifidebugger:CC3200_SDK-SDK.a(gpio.o)
GPIOPinRead                                       /home/parallels/Wi-Fi-Debug-Adapter/build/wifidebugger/CC3200_SDK/SDK/libwifidebugger:CC3200_SDK-SDK.a(gpio.o)
                                                  /home/parallels/Wi-Fi-Debug-Adapter/build/wifidebugger/testapp/Debug/src/vendor/gpio_if.o
GPIOPinWrite                                      /home/parallels/Wi-Fi-Debug-Adapter/build/wifidebugger/CC3200_SDK/SDK/libwifidebugger:CC3200_SDK-SDK.a(gpio.o)
                                                  /home/parallels/Wi-Fi-Debug-Adapter/build/wifidebugger/testapp/Debug/src/vendor/gpio_if.o
GPIO_IF_ConfigureNIntEnable                       /home/parallels/Wi-Fi-Debug-Adapter/build/wifidebugger/testapp/Debug/src/vendor/gpio_if.o
GPIO_IF_Get                                       /home/parallels/Wi-Fi-Debug-Adapter/build/wifidebugger/testapp/Debug/src/vendor/gpio_if.o
GPIO_IF_GetPortNPin                               /home/parallels/Wi-Fi-Debug-Adapter/build/wifidebugger/testapp/Debug/src/vendor/gpio_if.o
GPIO_IF_LedConfigure                              /home/parallels/Wi-Fi-Debug-Adapter/build/wifidebugger/testapp/Debug/src/vendor/gpio_if.o
                                                  /home/parallels/Wi-Fi-Debug-Adapter/build/wifidebugger/testapp/Debug/src/main.o
GPIO_IF_LedOff                                    /home/parallels/Wi-Fi-Debug-Adapter/build/wifidebugger/testapp/Debug/src/vendor/gpio_if.o
                                                  /home/parallels/Wi-Fi-Debug-Adapter/build/wifidebugger/testapp/Debug/src/main.o
GPIO_IF_LedOn                                     /home/parallels/Wi-Fi-Debug-Adapter/build/wifidebugger/testapp/Debug/src/vendor/gpio_if.o
                                                  /home/parallels/Wi-Fi-Debug-Adapter/build/wifidebugger/testapp/Debug/src/main.o
GPIO_IF_LedStatus                                 /home/parallels/Wi-Fi-Debug-Adapter/build/wifidebugger/testapp/Debug/src/vendor/gpio_if.o
GPIO_IF_LedToggle                                 /home/parallels/Wi-Fi-Debug-Adapter/build/wifidebugger/testapp/Debug/src/vendor/gpio_if.o
                                                  /home/parallels/Wi-Fi-Debug-Adapter/build/wifidebugger/testapp/Debug/src/main.o
GPIO_IF_Set                                       /home/parallels/Wi-Fi-Debug-Adapter/build/wifidebugger/testapp/Debug/src/vendor/gpio_if.o
IntDisable                                        /home/parallels/Wi-Fi-Debug-Adapter/build/wifidebugger/CC3200_SDK/SDK/libwifidebugger:CC3200_SDK-SDK.a(interrupt.o)
                                                  /home/parallels/Wi-Fi-Debug-Adapter/build/wifidebugger/CC3200_SDK/SDK/libwifidebugger:CC3200_SDK-SDK.a(flash.o)
                                                  /home/parallels/Wi-Fi-Debug-Adapter/build/wifidebugger/CC3200_SDK/SDK/libwifidebugger:CC3200_SDK-SDK.a(prcm.o)
                                                  /home/parallels/Wi-Fi-Debug-Adapter/build/wifidebugger/CC3200_SDK/SDK/libwifidebugger:CC3200_SDK-SDK.a(gpio.o)
IntEnable                                         /home/parallels/Wi-Fi-Debug-Adapter/build/wifidebugger/CC3200_SDK/SDK/libwifidebugger:CC3200_SDK-SDK.a(interrupt.o)
                                                  /home/parallels/Wi-Fi-Debug-Adapter/build/wifidebugger/CC3200_SDK/SDK/libwifidebugger:CC3200_SDK-SDK.a(flash.o)
                                                  /home/parallels/Wi-Fi-Debug-Adapter/build/wifidebugger/CC3200_SDK/SDK/libwifidebugger:CC3200_SDK-SDK.a(prcm.o)
                                                  /home/parallels/Wi-Fi-Debug-Adapter/build/wifidebugger/CC3200_SDK/SDK/libwifidebugger:CC3200_SDK-SDK.a(gpio.o)
                                                  /home/parallels/Wi-Fi-Debug-Adapter/build/wifidebugger/testapp/Debug/src/main.o
IntMasterDisable                                  /home/parallels/Wi-Fi-Debug-Adapter/build/wifidebugger/CC3200_SDK/SDK/libwifidebugger:CC3200_SDK-SDK.a(interrupt.o)
IntMasterEnable                                   /home/parallels/Wi-Fi-Debug-Adapter/build/wifidebugger/CC3200_SDK/SDK/libwifidebugger:CC3200_SDK-SDK.a(interrupt.o)
                                                  /home/parallels/Wi-Fi-Debug-Adapter/build/wifidebugger/testapp/Debug/src/main.o
IntPendClear                                      /home/parallels/Wi-Fi-Debug-Adapter/build/wifidebugger/CC3200_SDK/SDK/libwifidebugger:CC3200_SDK-SDK.a(interrupt.o)
IntPendSet                                        /home/parallels/Wi-Fi-Debug-Adapter/build/wifidebugger/CC3200_SDK/SDK/libwifidebugger:CC3200_SDK-SDK.a(interrupt.o)
IntPriorityGet                                    /home/parallels/Wi-Fi-Debug-Adapter/build/wifidebugger/CC3200_SDK/SDK/libwifidebugger:CC3200_SDK-SDK.a(interrupt.o)
IntPriorityGroupingGet                            /home/parallels/Wi-Fi-Debug-Adapter/build/wifidebugger/CC3200_SDK/SDK/libwifidebugger:CC3200_SDK-SDK.a(interrupt.o)
IntPriorityGroupingSet                            /home/parallels/Wi-Fi-Debug-Adapter/build/wifidebugger/CC3200_SDK/SDK/libwifidebugger:CC3200_SDK-SDK.a(interrupt.o)
IntPriorityMaskGet                                /home/parallels/Wi-Fi-Debug-Adapter/build/wifidebugger/CC3200_SDK/SDK/libwifidebugger:CC3200_SDK-SDK.a(interrupt.o)
IntPriorityMaskSet                                /home/parallels/Wi-Fi-Debug-Adapter/build/wifidebugger/CC3200_SDK/SDK/libwifidebugger:CC3200_SDK-SDK.a(interrupt.o)
IntPrioritySet                                    /home/parallels/Wi-Fi-Debug-Adapter/build/wifidebugger/CC3200_SDK/SDK/libwifidebugger:CC3200_SDK-SDK.a(interrupt.o)
                                                  /home/parallels/Wi-Fi-Debug-Adapter/build/wifidebugger/testapp/Debug/src/vendor/gpio_if.o
IntRegister                                       /home/parallels/Wi-Fi-Debug-Adapter/build/wifidebugger/CC3200_SDK/SDK/libwifidebugger:CC3200_SDK-SDK.a(interrupt.o)
                                                  /home/parallels/Wi-Fi-Debug-Adapter/build/wifidebugger/CC3200_SDK/SDK/libwifidebugger:CC3200_SDK-SDK.a(flash.o)
                                                  /home/parallels/Wi-Fi-Debug-Adapter/build/wifidebugger/CC3200_SDK/SDK/libwifidebugger:CC3200_SDK-SDK.a(prcm.o)
                                                  /home/parallels/Wi-Fi-Debug-Adapter/build/wifidebugger/CC3200_SDK/SDK/libwifidebugger:CC3200_SDK-SDK.a(gpio.o)
IntUnregister                                     /home/parallels/Wi-Fi-Debug-Adapter/build/wifidebugger/CC3200_SDK/SDK/libwifidebugger:CC3200_SDK-SDK.a(interrupt.o)
                                                  /home/parallels/Wi-Fi-Debug-Adapter/build/wifidebugger/CC3200_SDK/SDK/libwifidebugger:CC3200_SDK-SDK.a(flash.o)
                                                  /home/parallels/Wi-Fi-Debug-Adapter/build/wifidebugger/CC3200_SDK/SDK/libwifidebugger:CC3200_SDK-SDK.a(prcm.o)
                                                  /home/parallels/Wi-Fi-Debug-Adapter/build/wifidebugger/CC3200_SDK/SDK/libwifidebugger:CC3200_SDK-SDK.a(gpio.o)
IntVTableBaseSet                                  /home/parallels/Wi-Fi-Debug-Adapter/build/wifidebugger/CC3200_SDK/SDK/libwifidebugger:CC3200_SDK-SDK.a(interrupt.o)
PRCMCC3200MCUInit                                 /home/parallels/Wi-Fi-Debug-Adapter/build/wifidebugger/CC3200_SDK/SDK/libwifidebugger:CC3200_SDK-SDK.a(prcm.o)
                                                  /home/parallels/Wi-Fi-Debug-Adapter/build/wifidebugger/testapp/Debug/src/main.o
PRCMCameraFreqSet                                 /home/parallels/Wi-Fi-Debug-Adapter/build/wifidebugger/CC3200_SDK/SDK/libwifidebugger:CC3200_SDK-SDK.a(prcm.o)
PRCMDeepSleepEnter                                /home/parallels/Wi-Fi-Debug-Adapter/build/wifidebugger/CC3200_SDK/SDK/libwifidebugger:CC3200_SDK-SDK.a(prcm.o)
PRCMHIBRegRead                                    /home/parallels/Wi-Fi-Debug-Adapter/build/wifidebugger/CC3200_SDK/SDK/libwifidebugger:CC3200_SDK-SDK.a(prcm.o)
PRCMHIBRegWrite                                   /home/parallels/Wi-Fi-Debug-Adapter/build/wifidebugger/CC3200_SDK/SDK/libwifidebugger:CC3200_SDK-SDK.a(prcm.o)
PRCMHibernateEnter                                /home/parallels/Wi-Fi-Debug-Adapter/build/wifidebugger/CC3200_SDK/SDK/libwifidebugger:CC3200_SDK-SDK.a(prcm.o)
PRCMHibernateIntervalSet                          /home/parallels/Wi-Fi-Debug-Adapter/build/wifidebugger/CC3200_SDK/SDK/libwifidebugger:CC3200_SDK-SDK.a(prcm.o)
PRCMHibernateWakeUpGPIOSelect                     /home/parallels/Wi-Fi-Debug-Adapter/build/wifidebugger/CC3200_SDK/SDK/libwifidebugger:CC3200_SDK-SDK.a(prcm.o)
PRCMHibernateWakeupCauseGet                       /home/parallels/Wi-Fi-Debug-Adapter/build/wifidebugger/CC3200_SDK/SDK/libwifidebugger:CC3200_SDK-SDK.a(prcm.o)
PRCMHibernateWakeupSourceDisable                  /home/parallels/Wi-Fi-Debug-Adapter/build/wifidebugger/CC3200_SDK/SDK/libwifidebugger:CC3200_SDK-SDK.a(prcm.o)
PRCMHibernateWakeupSourceEnable                   /home/parallels/Wi-Fi-Debug-Adapter/build/wifidebugger/CC3200_SDK/SDK/libwifidebugger:CC3200_SDK-SDK.a(prcm.o)
PRCMI2SClockFreqSet                               /home/parallels/Wi-Fi-Debug-Adapter/build/wifidebugger/CC3200_SDK/SDK/libwifidebugger:CC3200_SDK-SDK.a(prcm.o)
PRCMIntDisable                                    /home/parallels/Wi-Fi-Debug-Adapter/build/wifidebugger/CC3200_SDK/SDK/libwifidebugger:CC3200_SDK-SDK.a(prcm.o)
PRCMIntEnable                                     /home/parallels/Wi-Fi-Debug-Adapter/build/wifidebugger/CC3200_SDK/SDK/libwifidebugger:CC3200_SDK-SDK.a(prcm.o)
PRCMIntRegister                                   /home/parallels/Wi-Fi-Debug-Adapter/build/wifidebugger/CC3200_SDK/SDK/libwifidebugger:CC3200_SDK-SDK.a(prcm.o)
PRCMIntStatus                                     /home/parallels/Wi-Fi-Debug-Adapter/build/wifidebugger/CC3200_SDK/SDK/libwifidebugger:CC3200_SDK-SDK.a(prcm.o)
PRCMIntUnregister                                 /home/parallels/Wi-Fi-Debug-Adapter/build/wifidebugger/CC3200_SDK/SDK/libwifidebugger:CC3200_SDK-SDK.a(prcm.o)
PRCMLPDSEnter                                     /home/parallels/Wi-Fi-Debug-Adapter/build/wifidebugger/CC3200_SDK/SDK/libwifidebugger:CC3200_SDK-SDK.a(prcm.o)
PRCMLPDSIntervalSet                               /home/parallels/Wi-Fi-Debug-Adapter/build/wifidebugger/CC3200_SDK/SDK/libwifidebugger:CC3200_SDK-SDK.a(prcm.o)
PRCMLPDSRestoreInfoSet                            /home/parallels/Wi-Fi-Debug-Adapter/build/wifidebugger/CC3200_SDK/SDK/libwifidebugger:CC3200_SDK-SDK.a(prcm.o)
PRCMLPDSWakeUpGPIOSelect                          /home/parallels/Wi-Fi-Debug-Adapter/build/wifidebugger/CC3200_SDK/SDK/libwifidebugger:CC3200_SDK-SDK.a(prcm.o)
PRCMLPDSWakeupCauseGet                            /home/parallels/Wi-Fi-Debug-Adapter/build/wifidebugger/CC3200_SDK/SDK/libwifidebugger:CC3200_SDK-SDK.a(prcm.o)
PRCMLPDSWakeupSourceDisable                       /home/parallels/Wi-Fi-Debug-Adapter/build/wifidebugger/CC3200_SDK/SDK/libwifidebugger:CC3200_SDK-SDK.a(prcm.o)
PRCMLPDSWakeupSourceEnable                        /home/parallels/Wi-Fi-Debug-Adapter/build/wifidebugger/CC3200_SDK/SDK/libwifidebugger:CC3200_SDK-SDK.a(prcm.o)
PRCMMCUReset                                      /home/parallels/Wi-Fi-Debug-Adapter/build/wifidebugger/CC3200_SDK/SDK/libwifidebugger:CC3200_SDK-SDK.a(prcm.o)
PRCMOCRRegisterRead                               /home/parallels/Wi-Fi-Debug-Adapter/build/wifidebugger/CC3200_SDK/SDK/libwifidebugger:CC3200_SDK-SDK.a(prcm.o)
PRCMOCRRegisterWrite                              /home/parallels/Wi-Fi-Debug-Adapter/build/wifidebugger/CC3200_SDK/SDK/libwifidebugger:CC3200_SDK-SDK.a(prcm.o)
PRCMPeripheralClkDisable                          /home/parallels/Wi-Fi-Debug-Adapter/build/wifidebugger/CC3200_SDK/SDK/libwifidebugger:CC3200_SDK-SDK.a(prcm.o)
PRCMPeripheralClkEnable                           /home/parallels/Wi-Fi-Debug-Adapter/build/wifidebugger/CC3200_SDK/SDK/libwifidebugger:CC3200_SDK-SDK.a(prcm.o)
                                                  /home/parallels/Wi-Fi-Debug-Adapter/build/wifidebugger/testapp/Debug/src/vendor/rom_pin_mux_config.o
PRCMPeripheralClockGet                            /home/parallels/Wi-Fi-Debug-Adapter/build/wifidebugger/CC3200_SDK/SDK/libwifidebugger:CC3200_SDK-SDK.a(prcm.o)
PRCMPeripheralReset                               /home/parallels/Wi-Fi-Debug-Adapter/build/wifidebugger/CC3200_SDK/SDK/libwifidebugger:CC3200_SDK-SDK.a(prcm.o)
PRCMPeripheralStatusGet                           /home/parallels/Wi-Fi-Debug-Adapter/build/wifidebugger/CC3200_SDK/SDK/libwifidebugger:CC3200_SDK-SDK.a(prcm.o)
PRCMRTCGet                                        /home/parallels/Wi-Fi-Debug-Adapter/build/wifidebugger/CC3200_SDK/SDK/libwifidebugger:CC3200_SDK-SDK.a(prcm.o)
PRCMRTCInUseGet                                   /home/parallels/Wi-Fi-Debug-Adapter/build/wifidebugger/CC3200_SDK/SDK/libwifidebugger:CC3200_SDK-SDK.a(prcm.o)
PRCMRTCInUseSet                                   /home/parallels/Wi-Fi-Debug-Adapter/build/wifidebugger/CC3200_SDK/SDK/libwifidebugger:CC3200_SDK-SDK.a(prcm.o)
PRCMRTCMatchGet                                   /home/parallels/Wi-Fi-Debug-Adapter/build/wifidebugger/CC3200_SDK/SDK/libwifidebugger:CC3200_SDK-SDK.a(prcm.o)
PRCMRTCMatchSet                                   /home/parallels/Wi-Fi-Debug-Adapter/build/wifidebugger/CC3200_SDK/SDK/libwifidebugger:CC3200_SDK-SDK.a(prcm.o)
PRCMRTCSet                                        /home/parallels/Wi-Fi-Debug-Adapter/build/wifidebugger/CC3200_SDK/SDK/libwifidebugger:CC3200_SDK-SDK.a(prcm.o)
PRCMSOCReset                                      /home/parallels/Wi-Fi-Debug-Adapter/build/wifidebugger/CC3200_SDK/SDK/libwifidebugger:CC3200_SDK-SDK.a(prcm.o)
PRCMSRAMRetentionDisable                          /home/parallels/Wi-Fi-Debug-Adapter/build/wifidebugger/CC3200_SDK/SDK/libwifidebugger:CC3200_SDK-SDK.a(prcm.o)
PRCMSRAMRetentionEnable                           /home/parallels/Wi-Fi-Debug-Adapter/build/wifidebugger/CC3200_SDK/SDK/libwifidebugger:CC3200_SDK-SDK.a(prcm.o)
PRCMSleepEnter                                    /home/parallels/Wi-Fi-Debug-Adapter/build/wifidebugger/CC3200_SDK/SDK/libwifidebugger:CC3200_SDK-SDK.a(prcm.o)
PRCMSlowClkCtrFastGet                             /home/parallels/Wi-Fi-Debug-Adapter/build/wifidebugger/CC3200_SDK/SDK/libwifidebugger:CC3200_SDK-SDK.a(prcm.o)
PRCMSlowClkCtrGet                                 /home/parallels/Wi-Fi-Debug-Adapter/build/wifidebugger/CC3200_SDK/SDK/libwifidebugger:CC3200_SDK-SDK.a(prcm.o)
PRCMSlowClkCtrMatchGet                            /home/parallels/Wi-Fi-Debug-Adapter/build/wifidebugger/CC3200_SDK/SDK/libwifidebugger:CC3200_SDK-SDK.a(prcm.o)
PRCMSlowClkCtrMatchSet                            /home/parallels/Wi-Fi-Debug-Adapter/build/wifidebugger/CC3200_SDK/SDK/libwifidebugger:CC3200_SDK-SDK.a(prcm.o)
PRCMSysResetCauseGet                              /home/parallels/Wi-Fi-Debug-Adapter/build/wifidebugger/CC3200_SDK/SDK/libwifidebugger:CC3200_SDK-SDK.a(prcm.o)
PinConfigGet                                      /home/parallels/Wi-Fi-Debug-Adapter/build/wifidebugger/CC3200_SDK/SDK/libwifidebugger:CC3200_SDK-SDK.a(pin.o)
PinConfigSet                                      /home/parallels/Wi-Fi-Debug-Adapter/build/wifidebugger/CC3200_SDK/SDK/libwifidebugger:CC3200_SDK-SDK.a(pin.o)
PinDirModeGet                                     /home/parallels/Wi-Fi-Debug-Adapter/build/wifidebugger/CC3200_SDK/SDK/libwifidebugger:CC3200_SDK-SDK.a(pin.o)
PinDirModeSet                                     /home/parallels/Wi-Fi-Debug-Adapter/build/wifidebugger/CC3200_SDK/SDK/libwifidebugger:CC3200_SDK-SDK.a(pin.o)
PinModeGet                                        /home/parallels/Wi-Fi-Debug-Adapter/build/wifidebugger/CC3200_SDK/SDK/libwifidebugger:CC3200_SDK-SDK.a(pin.o)
PinModeSet                                        /home/parallels/Wi-Fi-Debug-Adapter/build/wifidebugger/CC3200_SDK/SDK/libwifidebugger:CC3200_SDK-SDK.a(pin.o)
PinMuxConfig                                      /home/parallels/Wi-Fi-Debug-Adapter/build/wifidebugger/testapp/Debug/src/vendor/rom_pin_mux_config.o
                                                  /home/parallels/Wi-Fi-Debug-Adapter/build/wifidebugger/testapp/Debug/src/main.o
PinTypeADC                                        /home/parallels/Wi-Fi-Debug-Adapter/build/wifidebugger/CC3200_SDK/SDK/libwifidebugger:CC3200_SDK-SDK.a(pin.o)
PinTypeCamera                                     /home/parallels/Wi-Fi-Debug-Adapter/build/wifidebugger/CC3200_SDK/SDK/libwifidebugger:CC3200_SDK-SDK.a(pin.o)
PinTypeGPIO                                       /home/parallels/Wi-Fi-Debug-Adapter/build/wifidebugger/CC3200_SDK/SDK/libwifidebugger:CC3200_SDK-SDK.a(pin.o)
                                                  /home/parallels/Wi-Fi-Debug-Adapter/build/wifidebugger/testapp/Debug/src/vendor/rom_pin_mux_config.o
PinTypeI2C                                        /home/parallels/Wi-Fi-Debug-Adapter/build/wifidebugger/CC3200_SDK/SDK/libwifidebugger:CC3200_SDK-SDK.a(pin.o)
PinTypeI2S                                        /home/parallels/Wi-Fi-Debug-Adapter/build/wifidebugger/CC3200_SDK/SDK/libwifidebugger:CC3200_SDK-SDK.a(pin.o)
PinTypeSDHost                                     /home/parallels/Wi-Fi-Debug-Adapter/build/wifidebugger/CC3200_SDK/SDK/libwifidebugger:CC3200_SDK-SDK.a(pin.o)
PinTypeSPI                                        /home/parallels/Wi-Fi-Debug-Adapter/build/wifidebugger/CC3200_SDK/SDK/libwifidebugger:CC3200_SDK-SDK.a(pin.o)
PinTypeTimer                                      /home/parallels/Wi-Fi-Debug-Adapter/build/wifidebugger/CC3200_SDK/SDK/libwifidebugger:CC3200_SDK-SDK.a(pin.o)
PinTypeUART                                       /home/parallels/Wi-Fi-Debug-Adapter/build/wifidebugger/CC3200_SDK/SDK/libwifidebugger:CC3200_SDK-SDK.a(pin.o)
ResetISR                                          /home/parallels/Wi-Fi-Debug-Adapter/build/wifidebugger/testapp/Debug/src/vendor/startup_gcc.o
UtilsDelay                                        /home/parallels/Wi-Fi-Debug-Adapter/build/wifidebugger/CC3200_SDK/SDK/libwifidebugger:CC3200_SDK-SDK.a(utils.o)
                                                  /home/parallels/Wi-Fi-Debug-Adapter/build/wifidebugger/CC3200_SDK/SDK/libwifidebugger:CC3200_SDK-SDK.a(flash.o)
                                                  /home/parallels/Wi-Fi-Debug-Adapter/build/wifidebugger/CC3200_SDK/SDK/libwifidebugger:CC3200_SDK-SDK.a(prcm.o)
_ITM_deregisterTMCloneTable                       /usr/lib/gcc/arm-none-eabi/4.8.2/armv7e-m/crtbegin.o
_ITM_registerTMCloneTable                         /usr/lib/gcc/arm-none-eabi/4.8.2/armv7e-m/crtbegin.o
_Jv_RegisterClasses                               /usr/lib/gcc/arm-none-eabi/4.8.2/armv7e-m/crtbegin.o
__TMC_END__                                       /usr/lib/gcc/arm-none-eabi/4.8.2/armv7e-m/crtend.o
                                                  /usr/lib/gcc/arm-none-eabi/4.8.2/armv7e-m/crtbegin.o
__aeabi_idiv0                                     /usr/lib/gcc/arm-none-eabi/4.8.2/armv7e-m/libgcc.a(_dvmd_tls.o)
__aeabi_ldiv0                                     /usr/lib/gcc/arm-none-eabi/4.8.2/armv7e-m/libgcc.a(_dvmd_tls.o)
                                                  /usr/lib/gcc/arm-none-eabi/4.8.2/armv7e-m/libgcc.a(_aeabi_uldivmod.o)
__aeabi_uldivmod                                  /usr/lib/gcc/arm-none-eabi/4.8.2/armv7e-m/libgcc.a(_aeabi_uldivmod.o)
                                                  /home/parallels/Wi-Fi-Debug-Adapter/build/wifidebugger/CC3200_SDK/SDK/libwifidebugger:CC3200_SDK-SDK.a(prcm.o)
__bss_end__                                       /usr/lib/gcc/arm-none-eabi/4.8.2/../../../arm-none-eabi/lib/armv7e-m/crt0.o
__bss_start__                                     /usr/lib/gcc/arm-none-eabi/4.8.2/../../../arm-none-eabi/lib/armv7e-m/crt0.o
__call_exitprocs                                  /usr/lib/gcc/arm-none-eabi/4.8.2/../../../arm-none-eabi/lib/armv7e-m/libg.a(lib_a-__call_atexit.o)
                                                  /usr/lib/gcc/arm-none-eabi/4.8.2/../../../arm-none-eabi/lib/armv7e-m/libg.a(lib_a-exit.o)
__deregister_frame_info                           /usr/lib/gcc/arm-none-eabi/4.8.2/armv7e-m/crtbegin.o
__divdi3                                          /usr/lib/gcc/arm-none-eabi/4.8.2/armv7e-m/libgcc.a(_divdi3.o)
                                                  /usr/lib/gcc/arm-none-eabi/4.8.2/armv7e-m/libgcc.a(bpabi.o)
__dso_handle                                      /usr/lib/gcc/arm-none-eabi/4.8.2/armv7e-m/crtbegin.o
__fini_array_end                                  /usr/lib/gcc/arm-none-eabi/4.8.2/../../../arm-none-eabi/lib/armv7e-m/libg.a(lib_a-fini.o)
__fini_array_start                                /usr/lib/gcc/arm-none-eabi/4.8.2/../../../arm-none-eabi/lib/armv7e-m/libg.a(lib_a-fini.o)
__gnu_ldivmod_helper                              /usr/lib/gcc/arm-none-eabi/4.8.2/armv7e-m/libgcc.a(bpabi.o)
__gnu_uldivmod_helper                             /usr/lib/gcc/arm-none-eabi/4.8.2/armv7e-m/libgcc.a(bpabi.o)
                                                  /usr/lib/gcc/arm-none-eabi/4.8.2/armv7e-m/libgcc.a(_aeabi_uldivmod.o)
__init_array_end                                  /usr/lib/gcc/arm-none-eabi/4.8.2/../../../arm-none-eabi/lib/armv7e-m/libg.a(lib_a-init.o)
__init_array_start                                /usr/lib/gcc/arm-none-eabi/4.8.2/../../../arm-none-eabi/lib/armv7e-m/libg.a(lib_a-init.o)
__init_data                                       /home/parallels/Wi-Fi-Debug-Adapter/build/wifidebugger/testapp/Debug/src/vendor/startup_gcc.o
__libc_fini                                       /usr/lib/gcc/arm-none-eabi/4.8.2/../../../arm-none-eabi/lib/armv7e-m/libg.a(lib_a-__call_atexit.o)
__libc_fini_array                                 /usr/lib/gcc/arm-none-eabi/4.8.2/../../../arm-none-eabi/lib/armv7e-m/libg.a(lib_a-fini.o)
                                                  /usr/lib/gcc/arm-none-eabi/4.8.2/../../../arm-none-eabi/lib/armv7e-m/libg.a(lib_a-__call_atexit.o)
                                                  /usr/lib/gcc/arm-none-eabi/4.8.2/../../../arm-none-eabi/lib/armv7e-m/crt0.o
__libc_init_array                                 /usr/lib/gcc/arm-none-eabi/4.8.2/../../../arm-none-eabi/lib/armv7e-m/libg.a(lib_a-init.o)
                                                  /usr/lib/gcc/arm-none-eabi/4.8.2/../../../arm-none-eabi/lib/armv7e-m/crt0.o
__preinit_array_end                               /usr/lib/gcc/arm-none-eabi/4.8.2/../../../arm-none-eabi/lib/armv7e-m/libg.a(lib_a-init.o)
__preinit_array_start                             /usr/lib/gcc/arm-none-eabi/4.8.2/../../../arm-none-eabi/lib/armv7e-m/libg.a(lib_a-init.o)
__register_exitproc                               /usr/lib/gcc/arm-none-eabi/4.8.2/../../../arm-none-eabi/lib/armv7e-m/libg.a(lib_a-__atexit.o)
                                                  /usr/lib/gcc/arm-none-eabi/4.8.2/../../../arm-none-eabi/lib/armv7e-m/libg.a(lib_a-atexit.o)
__register_frame_info                             /usr/lib/gcc/arm-none-eabi/4.8.2/armv7e-m/crtbegin.o
__stack                                           /usr/lib/gcc/arm-none-eabi/4.8.2/../../../arm-none-eabi/lib/armv7e-m/crt0.o
__udivdi3                                         /usr/lib/gcc/arm-none-eabi/4.8.2/armv7e-m/libgcc.a(_udivdi3.o)
                                                  /usr/lib/gcc/arm-none-eabi/4.8.2/armv7e-m/libgcc.a(bpabi.o)
_bss                                              /home/parallels/Wi-Fi-Debug-Adapter/build/wifidebugger/testapp/Debug/src/vendor/startup_gcc.o
_data                                             /home/parallels/Wi-Fi-Debug-Adapter/build/wifidebugger/testapp/Debug/src/vendor/startup_gcc.o
_ebss                                             /home/parallels/Wi-Fi-Debug-Adapter/build/wifidebugger/testapp/Debug/src/vendor/startup_gcc.o
_edata                                            /home/parallels/Wi-Fi-Debug-Adapter/build/wifidebugger/testapp/Debug/src/vendor/startup_gcc.o
_eheap                                            /home/parallels/Wi-Fi-Debug-Adapter/build/wifidebugger/testapp/Debug/src/vendor/startup_gcc.o
_exit                                             /usr/lib/gcc/arm-none-eabi/4.8.2/../../../arm-none-eabi/lib/armv7e-m/libg.a(lib_a-exit.o)
_fini                                             /usr/lib/gcc/arm-none-eabi/4.8.2/armv7e-m/crti.o
                                                  /usr/lib/gcc/arm-none-eabi/4.8.2/../../../arm-none-eabi/lib/armv7e-m/libg.a(lib_a-fini.o)
_global_impure_ptr                                /usr/lib/gcc/arm-none-eabi/4.8.2/../../../arm-none-eabi/lib/armv7e-m/libg.a(lib_a-impure.o)
                                                  /usr/lib/gcc/arm-none-eabi/4.8.2/../../../arm-none-eabi/lib/armv7e-m/libg.a(lib_a-__call_atexit.o)
                                                  /usr/lib/gcc/arm-none-eabi/4.8.2/../../../arm-none-eabi/lib/armv7e-m/libg.a(lib_a-__atexit.o)
                                                  /usr/lib/gcc/arm-none-eabi/4.8.2/../../../arm-none-eabi/lib/armv7e-m/libg.a(lib_a-exit.o)
_heap                                             /home/parallels/Wi-Fi-Debug-Adapter/build/wifidebugger/testapp/Debug/src/vendor/startup_gcc.o
_impure_ptr                                       /usr/lib/gcc/arm-none-eabi/4.8.2/../../../arm-none-eabi/lib/armv7e-m/libg.a(lib_a-impure.o)
_init                                             /usr/lib/gcc/arm-none-eabi/4.8.2/armv7e-m/crti.o
                                                  /usr/lib/gcc/arm-none-eabi/4.8.2/../../../arm-none-eabi/lib/armv7e-m/libg.a(lib_a-init.o)
_mainCRTStartup                                   /usr/lib/gcc/arm-none-eabi/4.8.2/../../../arm-none-eabi/lib/armv7e-m/crt0.o
_sbrk                                             /home/parallels/Wi-Fi-Debug-Adapter/build/wifidebugger/testapp/Debug/src/vendor/startup_gcc.o
_start                                            /usr/lib/gcc/arm-none-eabi/4.8.2/../../../arm-none-eabi/lib/armv7e-m/crt0.o
atexit                                            /usr/lib/gcc/arm-none-eabi/4.8.2/../../../arm-none-eabi/lib/armv7e-m/libg.a(lib_a-atexit.o)
                                                  /usr/lib/gcc/arm-none-eabi/4.8.2/../../../arm-none-eabi/lib/armv7e-m/libg.a(lib_a-__call_atexit.o)
                                                  /usr/lib/gcc/arm-none-eabi/4.8.2/../../../arm-none-eabi/lib/armv7e-m/crt0.o
exit                                              /usr/lib/gcc/arm-none-eabi/4.8.2/../../../arm-none-eabi/lib/armv7e-m/libg.a(lib_a-exit.o)
                                                  /usr/lib/gcc/arm-none-eabi/4.8.2/../../../arm-none-eabi/lib/armv7e-m/crt0.o
free                                              /usr/lib/gcc/arm-none-eabi/4.8.2/../../../arm-none-eabi/lib/armv7e-m/libg.a(lib_a-__call_atexit.o)
g_pfnVectors                                      /home/parallels/Wi-Fi-Debug-Adapter/build/wifidebugger/testapp/Debug/src/vendor/startup_gcc.o
g_ucLED1Pin                                       /home/parallels/Wi-Fi-Debug-Adapter/build/wifidebugger/testapp/Debug/src/vendor/gpio_if.o
g_ucLED2Pin                                       /home/parallels/Wi-Fi-Debug-Adapter/build/wifidebugger/testapp/Debug/src/vendor/gpio_if.o
g_ucLED3Pin                                       /home/parallels/Wi-Fi-Debug-Adapter/build/wifidebugger/testapp/Debug/src/vendor/gpio_if.o
g_uiLED1Port                                      /home/parallels/Wi-Fi-Debug-Adapter/build/wifidebugger/testapp/Debug/src/vendor/gpio_if.o
g_uiLED2Port                                      /home/parallels/Wi-Fi-Debug-Adapter/build/wifidebugger/testapp/Debug/src/vendor/gpio_if.o
g_uiLED3Port                                      /home/parallels/Wi-Fi-Debug-Adapter/build/wifidebugger/testapp/Debug/src/vendor/gpio_if.o
hardware_init_hook                                /usr/lib/gcc/arm-none-eabi/4.8.2/../../../arm-none-eabi/lib/armv7e-m/crt0.o
main                                              /home/parallels/Wi-Fi-Debug-Adapter/build/wifidebugger/testapp/Debug/src/main.o
                                                  /home/parallels/Wi-Fi-Debug-Adapter/build/wifidebugger/testapp/Debug/src/vendor/startup_gcc.o
                                                  /usr/lib/gcc/arm-none-eabi/4.8.2/../../../arm-none-eabi/lib/armv7e-m/crt0.o
malloc                                            /usr/lib/gcc/arm-none-eabi/4.8.2/../../../arm-none-eabi/lib/armv7e-m/libg.a(lib_a-__atexit.o)
memset                                            /usr/lib/gcc/arm-none-eabi/4.8.2/../../../arm-none-eabi/lib/armv7e-m/libg.a(lib_a-memset.o)
                                                  /usr/lib/gcc/arm-none-eabi/4.8.2/../../../arm-none-eabi/lib/armv7e-m/crt0.o
semihost_getinput                                 /home/parallels/Wi-Fi-Debug-Adapter/build/wifidebugger/testapp/Debug/src/main.o
semihost_printstr                                 /home/parallels/Wi-Fi-Debug-Adapter/build/wifidebugger/testapp/Debug/src/main.o
software_init_hook                                /usr/lib/gcc/arm-none-eabi/4.8.2/../../../arm-none-eabi/lib/armv7e-m/crt0.o
wfd_byteToHex                                     /home/parallels/Wi-Fi-Debug-Adapter/build/wifidebugger/testapp/Debug/src/main.o
wfd_wordToHex                                     /home/parallels/Wi-Fi-Debug-Adapter/build/wifidebugger/testapp/Debug/src/main.o
